{
  "T0": {
    "D=0": [
      {
        "L": 8,
        "m_left": -0.18148836760599812
      },
      {
        "L": 10,
        "m_left": -0.5816649310413108
      },
      {
        "L": 12,
        "m_left": -0.2772428934922443
      }
    ],
    "D=3": [
      {
        "L": 8,
        "m_left": -0.00011150895090887469
      },
      {
        "L": 10,
        "m_left": -3.786690096205586e-05
      },
      {
        "L": 12,
        "m_left": -1.277434776769252e-05
      }
    ]
  },
  "T1": {
    "D=0": [
      {
        "L": 8,
        "F0": 0.6044803678001952,
        "raw_F0": 0.6044803678001952
      },
      {
        "L": 10,
        "F0": 1.1722421325649262,
        "raw_F0": 1.1722421325649262
      },
      {
        "L": 12,
        "F0": 0.7488416318361361,
        "raw_F0": 0.7488416318361361
      }
    ],
    "D=3": [
      {
        "L": 8,
        "F0": 0.0,
        "raw_F0": 0.24568275075352422
      },
      {
        "L": 10,
        "F0": 0.0,
        "raw_F0": 0.5408911156142326
      },
      {
        "L": 12,
        "F0": 0.0,
        "raw_F0": 0.25082729623035793
      }
    ]
  },
  "T2": {
    "fit_sensitivity": {
      "D=0": [
        {
          "minimum_L": 6,
          "number_of_points": 4,
          "intercept": 3.3064332782324266,
          "slope": -0.894858707414943
        },
        {
          "minimum_L": 8,
          "number_of_points": 3,
          "intercept": 3.450011924982926,
          "slope": -1.2552099416725855
        },
        {
          "minimum_L": 10,
          "number_of_points": 2,
          "intercept": 3.585761303487609,
          "slope": -1.677332924823171
        }
      ],
      "D=3": [
        {
          "minimum_L": 6,
          "number_of_points": 4,
          "intercept": 4.227115905424587,
          "slope": -1.481563385041558
        },
        {
          "minimum_L": 8,
          "number_of_points": 3,
          "intercept": 4.52824359281293,
          "slope": -2.237328509420417
        },
        {
          "minimum_L": 10,
          "number_of_points": 2,
          "intercept": 4.785727974161766,
          "slope": -3.0379957122238834
        }
      ]
    },
    "relative_difference_by_minimum_L": [
      0.2444220127186409,
      0.27029258850508353,
      0.2866793782745177
    ]
  },
  "T3": {
    "D=0": {
      "flip_amplitudes": [
        0.44111609346984804,
        0.4442953461394048,
        0.4452718204640111
      ],
      "post_separation_achieved": [
        false,
        false,
        false
      ],
      "unconditioned_memory": 0.7042017597789544,
      "postselected_budget_defect": 0.05234050290998704
    },
    "D=3": {
      "flip_amplitudes": [
        0.2678499970243964,
        0.2656897027737461,
        0.4103636305832651
      ],
      "post_separation_achieved": [
        false,
        false,
        true
      ],
      "unconditioned_memory": 0.23856530257201475,
      "postselected_budget_defect": 0.5286527840443738
    }
  }
}
