┌ Warning: could not download https://pkg.julialang.org/registries
│   exception = RequestError: Could not resolve host: pkg.julialang.org while requesting https://pkg.julialang.org/registries
└ @ Pkg.Registry ~/.julia/juliaup/julia-1.12.5+0.x64.linux.gnu/share/julia/stdlib/v1.12/Pkg/src/Registry/Registry.jl:83
     Cloning [5f87ffc2-9cf1-4a46-8172-465d160bd8cd] BlockTensorKit from https://github.com/QuantumKitHub/BlockTensorKit.jl.git
ERROR: failed to clone from https://github.com/QuantumKitHub/BlockTensorKit.jl.git, error: GitError(Code:ERROR, Class:Net, failed to resolve address for github.com: Name or service not known)
Stacktrace:
  [1] pkgerror(msg::String)
    @ Pkg.Types ~/.julia/juliaup/julia-1.12.5+0.x64.linux.gnu/share/julia/stdlib/v1.12/Pkg/src/Types.jl:68
  [2] clone(io::IOContext{IO}, url::String, source_path::String; header::String, credentials::Nothing, isbare::Bool, kwargs::@Kwargs{})
    @ Pkg.GitTools ~/.julia/juliaup/julia-1.12.5+0.x64.linux.gnu/share/julia/stdlib/v1.12/Pkg/src/GitTools.jl:139
  [3] clone
    @ ~/.julia/juliaup/julia-1.12.5+0.x64.linux.gnu/share/julia/stdlib/v1.12/Pkg/src/GitTools.jl:93 [inlined]
  [4] #ensure_clone#2
    @ ~/.julia/juliaup/julia-1.12.5+0.x64.linux.gnu/share/julia/stdlib/v1.12/Pkg/src/GitTools.jl:79 [inlined]
  [5] ensure_clone
    @ ~/.julia/juliaup/julia-1.12.5+0.x64.linux.gnu/share/julia/stdlib/v1.12/Pkg/src/GitTools.jl:75 [inlined]
  [6] install_git(io::IOContext{IO}, uuid::Base.UUID, name::String, hash::Base.SHA1, urls::Set{String}, version_path::String)
    @ Pkg.Operations ~/.julia/juliaup/julia-1.12.5+0.x64.linux.gnu/share/julia/stdlib/v1.12/Pkg/src/Operations.jl:842
  [7] download_source(ctx::Pkg.Types.Context, pkgs::Base.ValueIterator{Dict{Base.UUID, Pkg.Types.PackageEntry}}; readonly::Bool)
    @ Pkg.Operations ~/.julia/juliaup/julia-1.12.5+0.x64.linux.gnu/share/julia/stdlib/v1.12/Pkg/src/Operations.jl:1231
  [8] up(ctx::Pkg.Types.Context, pkgs::Vector{PackageSpec}, level::UpgradeLevel; skip_writing_project::Bool, preserve::Nothing)
    @ Pkg.Operations ~/.julia/juliaup/julia-1.12.5+0.x64.linux.gnu/share/julia/stdlib/v1.12/Pkg/src/Operations.jl:1974
  [9] up
    @ ~/.julia/juliaup/julia-1.12.5+0.x64.linux.gnu/share/julia/stdlib/v1.12/Pkg/src/Operations.jl:1974 [inlined]
 [10] up(ctx::Pkg.Types.Context, pkgs::Vector{PackageSpec}; level::UpgradeLevel, mode::PackageMode, preserve::Nothing, update_registry::Bool, skip_writing_project::Bool, kwargs::@Kwargs{})
    @ Pkg.API ~/.julia/juliaup/julia-1.12.5+0.x64.linux.gnu/share/julia/stdlib/v1.12/Pkg/src/API.jl:436
 [11] up
    @ ~/.julia/juliaup/julia-1.12.5+0.x64.linux.gnu/share/julia/stdlib/v1.12/Pkg/src/API.jl:406 [inlined]
 [12] up
    @ ~/.julia/juliaup/julia-1.12.5+0.x64.linux.gnu/share/julia/stdlib/v1.12/Pkg/src/API.jl:174 [inlined]
 [13] #resolve#167
    @ ~/.julia/juliaup/julia-1.12.5+0.x64.linux.gnu/share/julia/stdlib/v1.12/Pkg/src/API.jl:442 [inlined]
 [14] resolve
    @ ~/.julia/juliaup/julia-1.12.5+0.x64.linux.gnu/share/julia/stdlib/v1.12/Pkg/src/API.jl:441 [inlined]
 [15] resolve(; io::IOContext{IO}, kwargs::@Kwargs{})
    @ Pkg.API ~/.julia/juliaup/julia-1.12.5+0.x64.linux.gnu/share/julia/stdlib/v1.12/Pkg/src/API.jl:440
 [16] top-level scope
    @ none:1
 [17] eval(m::Module, e::Any)
    @ Core ./boot.jl:489
 [18] exec_options(opts::Base.JLOptions)
    @ Base ./client.jl:283
 [19] _start()
    @ Base ./client.jl:550

caused by: GitError(Code:ERROR, Class:Net, failed to resolve address for github.com: Name or service not known)
Stacktrace:
  [1] macro expansion
    @ ~/.julia/juliaup/julia-1.12.5+0.x64.linux.gnu/share/julia/stdlib/v1.12/LibGit2/src/error.jl:124 [inlined]
  [2] clone(repo_url::SubString{String}, repo_path::String, clone_opts::LibGit2.CloneOptions)
    @ LibGit2 ~/.julia/juliaup/julia-1.12.5+0.x64.linux.gnu/share/julia/stdlib/v1.12/LibGit2/src/repository.jl:470
  [3] clone(repo_url::SubString{String}, repo_path::String; branch::String, isbare::Bool, remote_cb::Ptr{Nothing}, credentials::LibGit2.CachedCredentials, callbacks::Dict{Symbol, Tuple{Ptr{Nothing}, Any}})
    @ LibGit2 ~/.julia/juliaup/julia-1.12.5+0.x64.linux.gnu/share/julia/stdlib/v1.12/LibGit2/src/LibGit2.jl:584
  [4] clone(io::IOContext{IO}, url::String, source_path::String; header::String, credentials::Nothing, isbare::Bool, kwargs::@Kwargs{})
    @ Pkg.GitTools ~/.julia/juliaup/julia-1.12.5+0.x64.linux.gnu/share/julia/stdlib/v1.12/Pkg/src/GitTools.jl:93
  [5] clone
    @ ~/.julia/juliaup/julia-1.12.5+0.x64.linux.gnu/share/julia/stdlib/v1.12/Pkg/src/GitTools.jl:93 [inlined]
  [6] #ensure_clone#2
    @ ~/.julia/juliaup/julia-1.12.5+0.x64.linux.gnu/share/julia/stdlib/v1.12/Pkg/src/GitTools.jl:79 [inlined]
  [7] ensure_clone
    @ ~/.julia/juliaup/julia-1.12.5+0.x64.linux.gnu/share/julia/stdlib/v1.12/Pkg/src/GitTools.jl:75 [inlined]
  [8] install_git(io::IOContext{IO}, uuid::Base.UUID, name::String, hash::Base.SHA1, urls::Set{String}, version_path::String)
    @ Pkg.Operations ~/.julia/juliaup/julia-1.12.5+0.x64.linux.gnu/share/julia/stdlib/v1.12/Pkg/src/Operations.jl:842
  [9] download_source(ctx::Pkg.Types.Context, pkgs::Base.ValueIterator{Dict{Base.UUID, Pkg.Types.PackageEntry}}; readonly::Bool)
    @ Pkg.Operations ~/.julia/juliaup/julia-1.12.5+0.x64.linux.gnu/share/julia/stdlib/v1.12/Pkg/src/Operations.jl:1231
 [10] up(ctx::Pkg.Types.Context, pkgs::Vector{PackageSpec}, level::UpgradeLevel; skip_writing_project::Bool, preserve::Nothing)
    @ Pkg.Operations ~/.julia/juliaup/julia-1.12.5+0.x64.linux.gnu/share/julia/stdlib/v1.12/Pkg/src/Operations.jl:1974
 [11] up
    @ ~/.julia/juliaup/julia-1.12.5+0.x64.linux.gnu/share/julia/stdlib/v1.12/Pkg/src/Operations.jl:1974 [inlined]
 [12] up(ctx::Pkg.Types.Context, pkgs::Vector{PackageSpec}; level::UpgradeLevel, mode::PackageMode, preserve::Nothing, update_registry::Bool, skip_writing_project::Bool, kwargs::@Kwargs{})
    @ Pkg.API ~/.julia/juliaup/julia-1.12.5+0.x64.linux.gnu/share/julia/stdlib/v1.12/Pkg/src/API.jl:436
 [13] up
    @ ~/.julia/juliaup/julia-1.12.5+0.x64.linux.gnu/share/julia/stdlib/v1.12/Pkg/src/API.jl:406 [inlined]
 [14] up
    @ ~/.julia/juliaup/julia-1.12.5+0.x64.linux.gnu/share/julia/stdlib/v1.12/Pkg/src/API.jl:174 [inlined]
 [15] #resolve#167
    @ ~/.julia/juliaup/julia-1.12.5+0.x64.linux.gnu/share/julia/stdlib/v1.12/Pkg/src/API.jl:442 [inlined]
 [16] resolve
    @ ~/.julia/juliaup/julia-1.12.5+0.x64.linux.gnu/share/julia/stdlib/v1.12/Pkg/src/API.jl:441 [inlined]
 [17] resolve(; io::IOContext{IO}, kwargs::@Kwargs{})
    @ Pkg.API ~/.julia/juliaup/julia-1.12.5+0.x64.linux.gnu/share/julia/stdlib/v1.12/Pkg/src/API.jl:440
 [18] top-level scope
    @ none:1
 [19] eval(m::Module, e::Any)
    @ Core ./boot.jl:489
 [20] exec_options(opts::Base.JLOptions)
    @ Base ./client.jl:283
 [21] _start()
    @ Base ./client.jl:550
