--- edge memory, Haldane ---
t=  0.00  mL=-0.47461  sz1=-0.74347  E= -55.1342532
t=  1.00  mL=-0.47461  sz1=-0.57917  E= -55.1342532
t=  2.00  mL=-0.47461  sz1=-0.43207  E= -55.1342532
t=  3.00  mL=-0.47461  sz1=-0.44020  E= -55.1342533
t=  4.00  mL=-0.47462  sz1=-0.44230  E= -55.1342533
t=  5.00  mL=-0.47462  sz1=-0.46049  E= -55.1342534
t=  6.00  mL=-0.47477  sz1=-0.48436  E= -55.1342537
t=  7.00  mL=-0.47663  sz1=-0.49521  E= -55.1342545
t=  8.00  mL=-0.48609  sz1=-0.51421  E= -55.1342558
t=  9.00  mL=-0.50497  sz1=-0.51552  E= -55.1342578
t= 10.00  mL=-0.50376  sz1=-0.52214  E= -55.1342603
t= 11.00  mL=-0.45814  sz1=-0.51785  E= -55.1342635
t= 12.00  mL=-0.42253  sz1=-0.51416  E= -55.1342672
t= 13.00  mL=-0.43069  sz1=-0.50891  E= -55.1342716
t= 14.00  mL=-0.43394  sz1=-0.50124  E= -55.1342767
t= 15.00  mL=-0.43535  sz1=-0.49798  E= -55.1342826
t= 16.00  mL=-0.45045  sz1=-0.49223  E= -55.1342892
t= 17.00  mL=-0.45477  sz1=-0.49197  E= -55.1342962
t= 18.00  mL=-0.46074  sz1=-0.49075  E= -55.1343039
t= 19.00  mL=-0.46513  sz1=-0.49292  E= -55.1343119
t= 20.00  mL=-0.46080  sz1=-0.49531  E= -55.1343202
  mL(0)=-0.474615  mL(end)=-0.460802  |mL|max=0.504972  sz1: -0.74347 -> -0.49531  Edrift=6.70e-05
wrote /home/tobias/Projects/tns-as-st-me/numerics/scripts/../results/lambdaD-edge-memory.json
--- edge memory, largeD ---
t=  0.00  mL=-0.00000  sz1=-0.02246  E= -16.9912623
t=  1.00  mL=-0.00000  sz1=+0.00865  E= -16.9912623
t=  2.00  mL=-0.00000  sz1=+0.00562  E= -16.9912623
t=  3.00  mL=-0.00000  sz1=-0.00299  E= -16.9912623
t=  4.00  mL=-0.00000  sz1=-0.00372  E= -16.9912623
t=  5.00  mL=+0.00000  sz1=+0.00054  E= -16.9912623
t=  6.00  mL=+0.00000  sz1=+0.00282  E= -16.9912623
t=  7.00  mL=-0.00001  sz1=+0.00091  E= -16.9912623
t=  8.00  mL=+0.00006  sz1=-0.00191  E= -16.9912623
t=  9.00  mL=-0.00026  sz1=-0.00170  E= -16.9912624
t= 10.00  mL=+0.00094  sz1=+0.00087  E= -16.9912624
t= 11.00  mL=-0.00250  sz1=+0.00190  E= -16.9912625
t= 12.00  mL=+0.00375  sz1=+0.00006  E= -16.9912627
t= 13.00  mL=-0.00356  sz1=-0.00173  E= -16.9912628
t= 14.00  mL=+0.00114  sz1=-0.00083  E= -16.9912630
t= 15.00  mL=+0.00199  sz1=+0.00125  E= -16.9912633
t= 16.00  mL=-0.00312  sz1=+0.00135  E= -16.9912636
t= 17.00  mL=+0.00081  sz1=-0.00057  E= -16.9912640
t= 18.00  mL=+0.00224  sz1=-0.00151  E= -16.9912644
t= 19.00  mL=-0.00227  sz1=-0.00008  E= -16.9912649
t= 20.00  mL=-0.00077  sz1=+0.00146  E= -16.9912655
  mL(0)=-0.000000  mL(end)=-0.000769  |mL|max=0.003748  sz1: -0.02246 -> +0.00146  Edrift=3.16e-06
wrote /home/tobias/Projects/tns-as-st-me/numerics/scripts/../results/lambdaD-edge-memory.json
