--- transport, dressing = qp ---
t=  0.00 X1=  18.204 X2=  18.247 Q= -34.1806 E=  3.88972 leak=1.23e-02
t=  0.50 X1=  19.126 X2=  19.327 Q= -32.4095 E=  3.89039 leak=6.75e-03
t=  1.00 X1=  20.095 X2=  20.402 Q= -30.5489 E=  3.89067 leak=3.74e-03
t=  1.50 X1=  21.097 X2=  21.482 Q= -28.6236 E=  3.89079 leak=1.80e-03
t=  2.00 X1=  22.129 X2=  22.560 Q= -26.6422 E=  3.89083 leak=9.13e-04
t=  2.50 X1=  23.181 X2=  23.642 Q= -24.6213 E=  3.89083 leak=4.19e-04
t=  3.00 X1=  24.237 X2=  24.717 Q= -22.5925 E=  3.89083 leak=1.82e-04
t=  3.50 X1=  25.310 X2=  25.799 Q= -20.5316 E=  3.89082 leak=9.82e-05
t=  4.00 X1=  26.386 X2=  26.880 Q= -18.4659 E=  3.89081 leak=4.93e-05
t=  4.50 X1=  27.457 X2=  27.954 Q= -16.4092 E=  3.89079 leak=4.83e-05
t=  5.00 X1=  28.540 X2=  29.038 Q= -14.3291 E=  3.89078 leak=2.73e-05
t=  5.50 X1=  29.619 X2=  30.118 Q= -12.2558 E=  3.89075 leak=5.11e-05
t=  6.00 X1=  30.692 X2=  31.192 Q= -10.1948 E=  3.89073 leak=2.26e-05
t=  6.50 X1=  31.777 X2=  32.277 Q=  -8.1104 E=  3.89070 leak=4.65e-05
t=  7.00 X1=  32.856 X2=  33.357 Q=  -6.0378 E=  3.89067 leak=1.98e-05
t=  7.50 X1=  33.929 X2=  34.430 Q=  -3.9769 E=  3.89064 leak=3.39e-05
t=  8.00 X1=  35.017 X2=  35.518 Q=  -1.8879 E=  3.89061 leak=1.98e-05
t=  8.50 X1=  36.093 X2=  36.593 Q=   0.1778 E=  3.89059 leak=2.24e-05
t=  9.00 X1=  37.169 X2=  37.669 Q=   2.2449 E=  3.89056 leak=2.79e-05
t=  9.50 X1=  38.255 X2=  38.756 Q=   4.3315 E=  3.89055 leak=1.95e-05
t= 10.00 X1=  39.329 X2=  39.830 Q=   6.3944 E=  3.89054 leak=4.20e-05
t= 10.50 X1=  40.408 X2=  40.909 Q=   8.4663 E=  3.89053 leak=2.68e-05
t= 11.00 X1=  41.492 X2=  41.993 Q=  10.5472 E=  3.89052 leak=6.00e-05
t= 11.50 X1=  42.565 X2=  43.068 Q=  12.6081 E=  3.89051 leak=4.35e-05
t= 12.00 X1=  43.643 X2=  44.148 Q=  14.6789 E=  3.89050 leak=8.70e-05
t= 12.50 X1=  44.720 X2=  45.231 Q=  16.7475 E=  3.89048 leak=9.39e-05
t= 13.00 X1=  45.786 X2=  46.306 Q=  18.7959 E=  3.89046 leak=1.78e-04
t= 13.50 X1=  46.854 X2=  47.388 Q=  20.8452 E=  3.89041 leak=3.02e-04
t= 14.00 X1=  47.909 X2=  48.468 Q=  22.8715 E=  3.89038 leak=5.81e-04
  omega(k0)=3.886051  E_packet=3.889717  v_th=2.18163  v_meas=2.15888
  dx: X1=24.7277 X2=24.8255 X3=24.7645   nu=-47.4928   coeff=1.91307 (2s=1.92068)
wrote /home/tobias/Projects/tns-as-st-me/numerics/scripts/../results/lambdaD-kink-memory.json
--- transport, dressing = sharp ---
t=  0.00 X1=  21.194 X2=  21.488 Q= -28.4382 E= 13.70336 leak=5.03e-03
t=  0.50 X1=  21.158 X2=  21.436 Q= -28.5059 E= 13.70326 leak=5.65e-03
t=  1.00 X1=  21.255 X2=  21.501 Q= -28.3178 E= 13.70272 leak=7.11e-03
t=  1.50 X1=  21.261 X2=  21.458 Q= -28.2887 E= 13.69987 leak=9.31e-03
t=  2.00 X1=  21.288 X2=  21.427 Q= -28.1683 E= 13.68981 leak=1.22e-02
t=  2.50 X1=  21.311 X2=  21.385 Q= -27.9750 E= 13.66663 leak=1.58e-02
t=  3.00 X1=  21.360 X2=  21.355 Q= -27.6371 E= 13.62696 leak=2.05e-02
t=  3.50 X1=  21.423 X2=  21.328 Q= -27.1601 E= 13.56717 leak=2.65e-02
t=  4.00 X1=  21.503 X2=  21.309 Q= -26.5547 E= 13.49009 leak=3.36e-02
t=  4.50 X1=  21.636 X2=  21.338 Q= -25.7481 E= 13.39218 leak=4.20e-02
t=  5.00 X1=  21.736 X2=  21.329 Q= -24.9426 E= 13.27790 leak=5.15e-02
t=  5.50 X1=  21.810 X2=  21.290 Q= -24.1353 E= 13.14954 leak=6.22e-02
t=  6.00 X1=  21.893 X2=  21.270 Q= -23.2797 E= 13.00768 leak=7.35e-02
t=  6.50 X1=  22.021 X2=  21.309 Q= -22.3363 E= 12.85526 leak=8.50e-02
t=  7.00 X1=  22.203 X2=  21.423 Q= -21.3130 E= 12.69252 leak=9.65e-02
t=  7.50 X1=  22.401 X2=  21.582 Q= -20.2735 E= 12.52143 leak=1.07e-01
t=  8.00 X1=  22.578 X2=  21.751 Q= -19.2967 E= 12.34003 leak=1.17e-01
t=  8.50 X1=  22.754 X2=  21.959 Q= -18.3601 E= 12.15021 leak=1.25e-01
t=  9.00 X1=  22.944 X2=  22.216 Q= -17.4550 E= 11.95331 leak=1.32e-01
t=  9.50 X1=  23.200 X2=  22.580 Q= -16.5198 E= 11.75232 leak=1.36e-01
t= 10.00 X1=  23.456 X2=  22.976 Q= -15.6405 E= 11.55035 leak=1.40e-01
t= 10.50 X1=  23.693 X2=  23.371 Q= -14.8416 E= 11.35111 leak=1.42e-01
t= 11.00 X1=  23.873 X2=  23.711 Q= -14.1700 E= 11.15903 leak=1.45e-01
t= 11.50 X1=  24.092 X2=  24.091 Q= -13.5075 E= 10.97585 leak=1.46e-01
t= 12.00 X1=  24.338 X2=  24.494 Q= -12.8661 E= 10.80645 leak=1.48e-01
t= 12.50 X1=  24.587 X2=  24.877 Q= -12.2688 E= 10.65279 leak=1.50e-01
t= 13.00 X1=  24.807 X2=  25.199 Q= -11.7439 E= 10.51380 leak=1.53e-01
t= 13.50 X1=  25.009 X2=  25.463 Q= -11.2709 E= 10.39149 leak=1.56e-01
t= 14.00 X1=  25.241 X2=  25.740 Q= -10.8018 E= 10.28524 leak=1.59e-01
  omega(k0)=3.886051  E_packet=13.703356  v_th=2.18163  v_meas=NaN
  dx: X1=NaN X2=NaN X3=NaN   nu=NaN   coeff=NaN (2s=1.92068)
wrote /home/tobias/Projects/tns-as-st-me/numerics/scripts/../results/lambdaD-kink-memory.json
transport_exit=0
