O(N^3) sector layer vs dense spin oracle: Test Failed at /home/tobias/Projects/tns-as-st-me/theory/lanes/blitz-2026-08-29/bc-charge2/test_bc_charge2.jl:51
  Expression: maximum(abs.(sort(eigvals(Hermitian(Matrix(H3)))) .- sort(brute_three_spectrum(N, J)))) < 1.0e-10
   Evaluated: 0.12469771353836157 < 1.0e-10

Stacktrace:
 [1] top-level scope
   @ ~/Projects/tns-as-st-me/theory/lanes/blitz-2026-08-29/bc-charge2/test_bc_charge2.jl:45
 [2] macro expansion
   @ ~/.julia/juliaup/julia-1.12.5+0.x64.linux.gnu/share/julia/stdlib/v1.12/Test/src/Test.jl:1776 [inlined]
 [3] macro expansion
   @ ~/Projects/tns-as-st-me/theory/lanes/blitz-2026-08-29/bc-charge2/test_bc_charge2.jl:46 [inlined]
 [4] macro expansion
   @ ~/.julia/juliaup/julia-1.12.5+0.x64.linux.gnu/share/julia/stdlib/v1.12/Test/src/Test.jl:1776 [inlined]
 [5] macro expansion
   @ ~/Projects/tns-as-st-me/theory/lanes/blitz-2026-08-29/bc-charge2/test_bc_charge2.jl:51 [inlined]
 [6] macro expansion
   @ ~/.julia/juliaup/julia-1.12.5+0.x64.linux.gnu/share/julia/stdlib/v1.12/Test/src/Test.jl:680 [inlined]

[Bc charge-2] ED slope = 4.07000839 +/- 0.08981226; prediction 2/s = 4.0; N=100 dim=161700 min_transmission=0.967556
[Bc charge-2] symmetrized finite-k slopes: 4.15982065 at |k|=.06, 4.31948688 at |k|=.10; fused Bethe limit 4.000000000002
Test Summary:                              | Pass  Fail  Total   Time
Bc charge-2 three-magnon ED decision       |    9     1     10  27.4s
  O(N^3) sector layer vs dense spin oracle |    2     1      3   4.4s
RNG of the outermost testset: Random.Xoshiro(0xfc007e57a2732734, 0xb6d34b8c455018fc, 0xf45e496827331870, 0xaea592bb2f31e092, 0xacd8d32380c01056)
ERROR: LoadError: Some tests did not pass: 9 passed, 1 failed, 0 errored, 0 broken.
in expression starting at /home/tobias/Projects/tns-as-st-me/theory/lanes/blitz-2026-08-29/bc-charge2/test_bc_charge2.jl:44
exit_code=1
